// Jest Snapshot v1, https://goo.gl/fbAQLP

exports[`Options Unit Testing snapshot must be matched 1`] = `<div class="mt-10 grid md:grid-cols-2 gap-4"><button class="rounded text-lg capitalize text-white hover:font-semibold bg-tertiary p-2 opacity-80 hover:opacity-100 cursor-pointer w-full shadow-md">bulbasaur</button><button class="rounded text-lg capitalize text-white hover:font-semibold bg-tertiary p-2 opacity-80 hover:opacity-100 cursor-pointer w-full shadow-md">ivysaur</button><button class="rounded text-lg capitalize text-white hover:font-semibold bg-tertiary p-2 opacity-80 hover:opacity-100 cursor-pointer w-full shadow-md">venusaur</button><button class="rounded text-lg capitalize text-white hover:font-semibold bg-tertiary p-2 opacity-80 hover:opacity-100 cursor-pointer w-full shadow-md">charmander</button></div>`;
